Aug 09 14:03:32.485 mcserver: INSTALL: INFO: Logs installed
Aug 09 14:03:32.817 mcserver: INSTALL: PASS: Downloading check_deps.sh...
Aug 09 14:03:33.417 mcserver: INSTALL: PASS: Checking ubuntu-24.04.csv
Aug 09 14:03:33.742 mcserver: INSTALL: PASS: Downloading ubuntu-24.04.csv...
Aug 09 14:03:36.415 mcserver: INSTALL: WARN: Missing dependencies: bc bsdmainutils cpio distro-info tmux uuid-runtime
Aug 09 14:03:36.537 mcserver: INSTALL: INFO: codespace has sudo access.
Aug 09 14:03:36.645 mcserver: INSTALL: INFO: Automatically installing missing dependencies.
Aug 09 14:05:49.182 mcserver: INSTALL: PASS: Downloading install_server_files.sh...
Aug 09 14:05:49.489 mcserver: INSTALL: PASS: Downloading install_eula.sh...
Aug 09 14:05:55.001 mcserver: INSTALL: PASS: Downloading update_mc.sh...
Aug 09 14:05:55.619 mcserver: INSTALL: PASS: Downloading minecraft_server.26.2.jar...
Aug 09 14:05:55.791 mcserver: INSTALL: PASS: clearing tmp directory /workspaces/GSP-GITHUB-SERVER-PROJECT/minecraft-server/lgsm/tmp
Aug 09 14:05:56.091 mcserver: INSTALL: PASS: Downloading check_gamedig.sh...
Aug 09 14:05:56.108 mcserver: INSTALL: INFO: Installing Gamedig
Aug 09 14:06:01.806 mcserver: INSTALL: PASS: Downloading install_config.sh...
Aug 09 14:06:03.225 mcserver: INSTALL: PASS: Downloading server.properties...
Aug 09 14:06:03.334 mcserver: INSTALL: PASS: copying config file /workspaces/GSP-GITHUB-SERVER-PROJECT/minecraft-server/serverfiles/server.properties
Aug 09 14:06:03.342 mcserver: INSTALL: INFO: setting hostname
Aug 09 14:06:03.555 mcserver: INSTALL: PASS: setting hostname
Aug 09 14:06:03.557 mcserver: INSTALL: INFO: generating admin/rcon password
Aug 09 14:06:03.766 mcserver: INSTALL: PASS: generating admin/rcon password
Aug 09 14:06:04.188 mcserver: INSTALL: PASS: Downloading fix.sh...
Aug 09 14:06:04.531 mcserver: INSTALL: PASS: Downloading install_stats.sh...
Aug 09 14:06:04.784 mcserver: INSTALL: PASS: Downloading install_complete.sh...
Aug 09 14:06:04.793 mcserver: INSTALL: PASS: Install Complete!
Aug 09 14:06:05.215 mcserver: INSTALL: PASS: Downloading core_exit.sh...
Aug 09 14:06:05.224 mcserver: INSTALL: INFO: LinuxGSM version: v26.2.0
Aug 09 14:06:05.226 mcserver: INSTALL: PASS: core_exit.sh exiting with code: 0
